<testsuites name="results">
  <testsuite name="all" package="all">
    <property name="random_seed" value="1739254479" />
    <testcase name="test_reset" classname="test_program_counter" file="/Users/ethan/Documents/workspace/repos/tru-r32i/tb/test_program_counter.py" lineno="120" time="0.0019681453704833984" sim_time_ns="40.001" ratio_time="20324.21009133858" />
    <testcase name="test_sequential_increment" classname="test_program_counter" file="/Users/ethan/Documents/workspace/repos/tru-r32i/tb/test_program_counter.py" lineno="151" time="0.0013420581817626953" sim_time_ns="90.001" ratio_time="67061.9211767632" />
    <testcase name="test_stall" classname="test_program_counter" file="/Users/ethan/Documents/workspace/repos/tru-r32i/tb/test_program_counter.py" lineno="167" time="0.0013470649719238281" sim_time_ns="80.00099999999998" ratio_time="59389.11757592919" />
    <testcase name="test_branch" classname="test_program_counter" file="/Users/ethan/Documents/workspace/repos/tru-r32i/tb/test_program_counter.py" lineno="194" time="0.0010929107666015625" sim_time_ns="60.00100000000003" ratio_time="54900.18200349043" />
    <testcase name="test_branch_edge_cases" classname="test_program_counter" file="/Users/ethan/Documents/workspace/repos/tru-r32i/tb/test_program_counter.py" lineno="222" time="0.0020890235900878906" sim_time_ns="90.00099999999998" ratio_time="43082.806928098595" />
    <testcase name="test_multiple_branches" classname="test_program_counter" file="/Users/ethan/Documents/workspace/repos/tru-r32i/tb/test_program_counter.py" lineno="260" time="0.0020380020141601562" sim_time_ns="60.000999999999976" ratio_time="29441.089647168916">
      <failure message="Test failed with RANDOM_SEED=1739254479" />
    </testcase>
    <testcase name="test_multiple_stalls" classname="test_program_counter" file="/Users/ethan/Documents/workspace/repos/tru-r32i/tb/test_program_counter.py" lineno="317" time="0.0032813549041748047" sim_time_ns="230.00099999999998" ratio_time="70093.30191847707" />
  </testsuite>
</testsuites>
