<testsuites name="results">
  <testsuite name="all" package="all">
    <property name="random_seed" value="1739258360" />
    <testcase name="test_register_file_reset" classname="test_register_file" file="/Users/ethan/Documents/workspace/repos/tru-r32i/tb/test_register_file.py" lineno="116" time="0.010979890823364258" sim_time_ns="42.001" ratio_time="3825.2657221896507" />
    <testcase name="test_x0_read" classname="test_register_file" file="/Users/ethan/Documents/workspace/repos/tru-r32i/tb/test_register_file.py" lineno="128" time="0.0028870105743408203" sim_time_ns="31.000999999999998" ratio_time="10738.097142951523" />
    <testcase name="test_write_read" classname="test_register_file" file="/Users/ethan/Documents/workspace/repos/tru-r32i/tb/test_register_file.py" lineno="150" time="0.0012159347534179688" sim_time_ns="53.001000000000005" ratio_time="43588.68751058824" />
    <testcase name="test_concurrent_read_write" classname="test_register_file" file="/Users/ethan/Documents/workspace/repos/tru-r32i/tb/test_register_file.py" lineno="185" time="0.0012879371643066406" sim_time_ns="41.00099999999999" ratio_time="31834.627601629018" />
    <testcase name="test_random_access" classname="test_register_file" file="/Users/ethan/Documents/workspace/repos/tru-r32i/tb/test_register_file.py" lineno="218" time="0.008069038391113281" sim_time_ns="431.001" ratio_time="53414.171442619074" />
  </testsuite>
</testsuites>
